------------------------------------------------------------
Timing Analyzer Summary
------------------------------------------------------------

Type  : Slow 1200mV 85C Model Setup 'vga_controller:U2|disp_ena'
Slack : -223.195
TNS   : -25900.832

Type  : Slow 1200mV 85C Model Setup 'Current_State.reset_game'
Slack : -9.451
TNS   : -599.828

Type  : Slow 1200mV 85C Model Setup 'hw6p3Modified:accelerometer|ADXL345_controller:U0|gsensor:U0|memory[3][0]'
Slack : -7.985
TNS   : -132.562

Type  : Slow 1200mV 85C Model Setup 'pixel_clk_m'
Slack : -6.922
TNS   : -14.168

Type  : Slow 1200mV 85C Model Setup 'U1|altpll_component|auto_generated|pll1|clk[0]'
Slack : 31.749
TNS   : 0.000

Type  : Slow 1200mV 85C Model Hold 'pixel_clk_m'
Slack : 0.340
TNS   : 0.000

Type  : Slow 1200mV 85C Model Hold 'vga_controller:U2|disp_ena'
Slack : 0.341
TNS   : 0.000

Type  : Slow 1200mV 85C Model Hold 'U1|altpll_component|auto_generated|pll1|clk[0]'
Slack : 0.420
TNS   : 0.000

Type  : Slow 1200mV 85C Model Hold 'hw6p3Modified:accelerometer|ADXL345_controller:U0|gsensor:U0|memory[3][0]'
Slack : 1.254
TNS   : 0.000

Type  : Slow 1200mV 85C Model Hold 'Current_State.reset_game'
Slack : 1.623
TNS   : 0.000

Type  : Slow 1200mV 85C Model Recovery 'vga_controller:U2|disp_ena'
Slack : -6.783
TNS   : -1255.338

Type  : Slow 1200mV 85C Model Recovery 'hw6p3Modified:accelerometer|ADXL345_controller:U0|gsensor:U0|memory[3][0]'
Slack : -6.346
TNS   : -18.664

Type  : Slow 1200mV 85C Model Recovery 'pixel_clk_m'
Slack : 17.829
TNS   : 0.000

Type  : Slow 1200mV 85C Model Recovery 'U1|altpll_component|auto_generated|pll1|clk[0]'
Slack : 34.734
TNS   : 0.000

Type  : Slow 1200mV 85C Model Removal 'vga_controller:U2|disp_ena'
Slack : 0.879
TNS   : 0.000

Type  : Slow 1200mV 85C Model Removal 'pixel_clk_m'
Slack : 1.352
TNS   : 0.000

Type  : Slow 1200mV 85C Model Removal 'hw6p3Modified:accelerometer|ADXL345_controller:U0|gsensor:U0|memory[3][0]'
Slack : 1.422
TNS   : 0.000

Type  : Slow 1200mV 85C Model Removal 'U1|altpll_component|auto_generated|pll1|clk[0]'
Slack : 4.623
TNS   : 0.000

Type  : Slow 1200mV 85C Model Minimum Pulse Width 'vga_controller:U2|disp_ena'
Slack : -1.403
TNS   : -795.501

Type  : Slow 1200mV 85C Model Minimum Pulse Width 'hw6p3Modified:accelerometer|ADXL345_controller:U0|gsensor:U0|memory[3][0]'
Slack : 0.417
TNS   : 0.000

Type  : Slow 1200mV 85C Model Minimum Pulse Width 'Current_State.reset_game'
Slack : 0.420
TNS   : 0.000

Type  : Slow 1200mV 85C Model Minimum Pulse Width 'pixel_clk_m'
Slack : 9.595
TNS   : 0.000

Type  : Slow 1200mV 85C Model Minimum Pulse Width 'U1|altpll_component|auto_generated|pll1|clk[0]'
Slack : 19.585
TNS   : 0.000

Type  : Slow 1200mV 0C Model Setup 'vga_controller:U2|disp_ena'
Slack : -203.596
TNS   : -23635.436

Type  : Slow 1200mV 0C Model Setup 'Current_State.reset_game'
Slack : -9.035
TNS   : -551.027

Type  : Slow 1200mV 0C Model Setup 'hw6p3Modified:accelerometer|ADXL345_controller:U0|gsensor:U0|memory[3][0]'
Slack : -7.522
TNS   : -124.805

Type  : Slow 1200mV 0C Model Setup 'pixel_clk_m'
Slack : -6.215
TNS   : -12.656

Type  : Slow 1200mV 0C Model Setup 'U1|altpll_component|auto_generated|pll1|clk[0]'
Slack : 32.365
TNS   : 0.000

Type  : Slow 1200mV 0C Model Hold 'pixel_clk_m'
Slack : 0.305
TNS   : 0.000

Type  : Slow 1200mV 0C Model Hold 'vga_controller:U2|disp_ena'
Slack : 0.306
TNS   : 0.000

Type  : Slow 1200mV 0C Model Hold 'U1|altpll_component|auto_generated|pll1|clk[0]'
Slack : 0.340
TNS   : 0.000

Type  : Slow 1200mV 0C Model Hold 'hw6p3Modified:accelerometer|ADXL345_controller:U0|gsensor:U0|memory[3][0]'
Slack : 1.045
TNS   : 0.000

Type  : Slow 1200mV 0C Model Hold 'Current_State.reset_game'
Slack : 1.538
TNS   : 0.000

Type  : Slow 1200mV 0C Model Recovery 'vga_controller:U2|disp_ena'
Slack : -6.026
TNS   : -1096.236

Type  : Slow 1200mV 0C Model Recovery 'hw6p3Modified:accelerometer|ADXL345_controller:U0|gsensor:U0|memory[3][0]'
Slack : -5.940
TNS   : -17.410

Type  : Slow 1200mV 0C Model Recovery 'pixel_clk_m'
Slack : 18.113
TNS   : 0.000

Type  : Slow 1200mV 0C Model Recovery 'U1|altpll_component|auto_generated|pll1|clk[0]'
Slack : 35.105
TNS   : 0.000

Type  : Slow 1200mV 0C Model Removal 'vga_controller:U2|disp_ena'
Slack : 0.802
TNS   : 0.000

Type  : Slow 1200mV 0C Model Removal 'pixel_clk_m'
Slack : 1.112
TNS   : 0.000

Type  : Slow 1200mV 0C Model Removal 'hw6p3Modified:accelerometer|ADXL345_controller:U0|gsensor:U0|memory[3][0]'
Slack : 1.326
TNS   : 0.000

Type  : Slow 1200mV 0C Model Removal 'U1|altpll_component|auto_generated|pll1|clk[0]'
Slack : 4.128
TNS   : 0.000

Type  : Slow 1200mV 0C Model Minimum Pulse Width 'vga_controller:U2|disp_ena'
Slack : -1.403
TNS   : -795.501

Type  : Slow 1200mV 0C Model Minimum Pulse Width 'hw6p3Modified:accelerometer|ADXL345_controller:U0|gsensor:U0|memory[3][0]'
Slack : 0.371
TNS   : 0.000

Type  : Slow 1200mV 0C Model Minimum Pulse Width 'Current_State.reset_game'
Slack : 0.440
TNS   : 0.000

Type  : Slow 1200mV 0C Model Minimum Pulse Width 'pixel_clk_m'
Slack : 9.649
TNS   : 0.000

Type  : Slow 1200mV 0C Model Minimum Pulse Width 'U1|altpll_component|auto_generated|pll1|clk[0]'
Slack : 19.571
TNS   : 0.000

Type  : Fast 1200mV 0C Model Setup 'vga_controller:U2|disp_ena'
Slack : -92.683
TNS   : -10676.070

Type  : Fast 1200mV 0C Model Setup 'Current_State.reset_game'
Slack : -4.313
TNS   : -226.268

Type  : Fast 1200mV 0C Model Setup 'hw6p3Modified:accelerometer|ADXL345_controller:U0|gsensor:U0|memory[3][0]'
Slack : -2.703
TNS   : -45.920

Type  : Fast 1200mV 0C Model Setup 'pixel_clk_m'
Slack : -2.534
TNS   : -4.729

Type  : Fast 1200mV 0C Model Setup 'U1|altpll_component|auto_generated|pll1|clk[0]'
Slack : 36.338
TNS   : 0.000

Type  : Fast 1200mV 0C Model Hold 'pixel_clk_m'
Slack : 0.147
TNS   : 0.000

Type  : Fast 1200mV 0C Model Hold 'vga_controller:U2|disp_ena'
Slack : 0.148
TNS   : 0.000

Type  : Fast 1200mV 0C Model Hold 'U1|altpll_component|auto_generated|pll1|clk[0]'
Slack : 0.210
TNS   : 0.000

Type  : Fast 1200mV 0C Model Hold 'hw6p3Modified:accelerometer|ADXL345_controller:U0|gsensor:U0|memory[3][0]'
Slack : 0.290
TNS   : 0.000

Type  : Fast 1200mV 0C Model Hold 'Current_State.reset_game'
Slack : 0.457
TNS   : 0.000

Type  : Fast 1200mV 0C Model Recovery 'vga_controller:U2|disp_ena'
Slack : -2.870
TNS   : -490.181

Type  : Fast 1200mV 0C Model Recovery 'hw6p3Modified:accelerometer|ADXL345_controller:U0|gsensor:U0|memory[3][0]'
Slack : -2.288
TNS   : -6.681

Type  : Fast 1200mV 0C Model Recovery 'pixel_clk_m'
Slack : 18.449
TNS   : 0.000

Type  : Fast 1200mV 0C Model Recovery 'U1|altpll_component|auto_generated|pll1|clk[0]'
Slack : 37.232
TNS   : 0.000

Type  : Fast 1200mV 0C Model Removal 'vga_controller:U2|disp_ena'
Slack : 0.318
TNS   : 0.000

Type  : Fast 1200mV 0C Model Removal 'hw6p3Modified:accelerometer|ADXL345_controller:U0|gsensor:U0|memory[3][0]'
Slack : 0.516
TNS   : 0.000

Type  : Fast 1200mV 0C Model Removal 'pixel_clk_m'
Slack : 0.870
TNS   : 0.000

Type  : Fast 1200mV 0C Model Removal 'U1|altpll_component|auto_generated|pll1|clk[0]'
Slack : 2.213
TNS   : 0.000

Type  : Fast 1200mV 0C Model Minimum Pulse Width 'vga_controller:U2|disp_ena'
Slack : -1.000
TNS   : -567.000

Type  : Fast 1200mV 0C Model Minimum Pulse Width 'hw6p3Modified:accelerometer|ADXL345_controller:U0|gsensor:U0|memory[3][0]'
Slack : 0.341
TNS   : 0.000

Type  : Fast 1200mV 0C Model Minimum Pulse Width 'Current_State.reset_game'
Slack : 0.399
TNS   : 0.000

Type  : Fast 1200mV 0C Model Minimum Pulse Width 'pixel_clk_m'
Slack : 9.237
TNS   : 0.000

Type  : Fast 1200mV 0C Model Minimum Pulse Width 'U1|altpll_component|auto_generated|pll1|clk[0]'
Slack : 19.662
TNS   : 0.000

------------------------------------------------------------
