------------------------------------------------------------
Timing Analyzer Summary
------------------------------------------------------------

Type  : Slow 1200mV 85C Model Setup 'vga_controller:U2|disp_ena'
Slack : -219.384
TNS   : -23605.077

Type  : Slow 1200mV 85C Model Setup 'Current_State.reset_game'
Slack : -9.168
TNS   : -579.069

Type  : Slow 1200mV 85C Model Setup 'hw6p3Modified:accelerometer|ADXL345_controller:U0|gsensor:U0|memory[3][0]'
Slack : -8.125
TNS   : -133.705

Type  : Slow 1200mV 85C Model Setup 'pixel_clk_m'
Slack : -6.848
TNS   : -13.314

Type  : Slow 1200mV 85C Model Setup 'hw6p3Modified:accelerometer|ADXL345_controller:U0|gsensor:U0|memory[2][4]'
Slack : -6.808
TNS   : -19.213

Type  : Slow 1200mV 85C Model Setup 'U1|altpll_component|auto_generated|pll1|clk[0]'
Slack : 30.751
TNS   : 0.000

Type  : Slow 1200mV 85C Model Hold 'hw6p3Modified:accelerometer|ADXL345_controller:U0|gsensor:U0|memory[3][0]'
Slack : -1.510
TNS   : -13.947

Type  : Slow 1200mV 85C Model Hold 'hw6p3Modified:accelerometer|ADXL345_controller:U0|gsensor:U0|memory[2][4]'
Slack : -0.567
TNS   : -0.567

Type  : Slow 1200mV 85C Model Hold 'pixel_clk_m'
Slack : 0.341
TNS   : 0.000

Type  : Slow 1200mV 85C Model Hold 'vga_controller:U2|disp_ena'
Slack : 0.341
TNS   : 0.000

Type  : Slow 1200mV 85C Model Hold 'U1|altpll_component|auto_generated|pll1|clk[0]'
Slack : 0.420
TNS   : 0.000

Type  : Slow 1200mV 85C Model Hold 'Current_State.reset_game'
Slack : 1.953
TNS   : 0.000

Type  : Slow 1200mV 85C Model Recovery 'hw6p3Modified:accelerometer|ADXL345_controller:U0|gsensor:U0|memory[3][0]'
Slack : -6.626
TNS   : -19.426

Type  : Slow 1200mV 85C Model Recovery 'hw6p3Modified:accelerometer|ADXL345_controller:U0|gsensor:U0|memory[2][4]'
Slack : -6.163
TNS   : -18.037

Type  : Slow 1200mV 85C Model Recovery 'vga_controller:U2|disp_ena'
Slack : -5.613
TNS   : -1025.532

Type  : Slow 1200mV 85C Model Recovery 'pixel_clk_m'
Slack : 18.842
TNS   : 0.000

Type  : Slow 1200mV 85C Model Recovery 'U1|altpll_component|auto_generated|pll1|clk[0]'
Slack : 37.051
TNS   : 0.000

Type  : Slow 1200mV 85C Model Removal 'hw6p3Modified:accelerometer|ADXL345_controller:U0|gsensor:U0|memory[3][0]'
Slack : -0.785
TNS   : -2.324

Type  : Slow 1200mV 85C Model Removal 'hw6p3Modified:accelerometer|ADXL345_controller:U0|gsensor:U0|memory[2][4]'
Slack : -0.637
TNS   : -1.880

Type  : Slow 1200mV 85C Model Removal 'pixel_clk_m'
Slack : 0.528
TNS   : 0.000

Type  : Slow 1200mV 85C Model Removal 'vga_controller:U2|disp_ena'
Slack : 0.855
TNS   : 0.000

Type  : Slow 1200mV 85C Model Removal 'U1|altpll_component|auto_generated|pll1|clk[0]'
Slack : 1.412
TNS   : 0.000

Type  : Slow 1200mV 85C Model Minimum Pulse Width 'vga_controller:U2|disp_ena'
Slack : -1.403
TNS   : -578.036

Type  : Slow 1200mV 85C Model Minimum Pulse Width 'hw6p3Modified:accelerometer|ADXL345_controller:U0|gsensor:U0|memory[3][0]'
Slack : 0.294
TNS   : 0.000

Type  : Slow 1200mV 85C Model Minimum Pulse Width 'Current_State.reset_game'
Slack : 0.368
TNS   : 0.000

Type  : Slow 1200mV 85C Model Minimum Pulse Width 'hw6p3Modified:accelerometer|ADXL345_controller:U0|gsensor:U0|memory[2][4]'
Slack : 0.402
TNS   : 0.000

Type  : Slow 1200mV 85C Model Minimum Pulse Width 'pixel_clk_m'
Slack : 9.658
TNS   : 0.000

Type  : Slow 1200mV 85C Model Minimum Pulse Width 'U1|altpll_component|auto_generated|pll1|clk[0]'
Slack : 19.583
TNS   : 0.000

Type  : Slow 1200mV 0C Model Setup 'vga_controller:U2|disp_ena'
Slack : -200.525
TNS   : -21562.854

Type  : Slow 1200mV 0C Model Setup 'Current_State.reset_game'
Slack : -8.959
TNS   : -533.487

Type  : Slow 1200mV 0C Model Setup 'hw6p3Modified:accelerometer|ADXL345_controller:U0|gsensor:U0|memory[3][0]'
Slack : -7.534
TNS   : -124.524

Type  : Slow 1200mV 0C Model Setup 'hw6p3Modified:accelerometer|ADXL345_controller:U0|gsensor:U0|memory[2][4]'
Slack : -6.415
TNS   : -18.019

Type  : Slow 1200mV 0C Model Setup 'pixel_clk_m'
Slack : -6.116
TNS   : -11.768

Type  : Slow 1200mV 0C Model Setup 'U1|altpll_component|auto_generated|pll1|clk[0]'
Slack : 31.415
TNS   : 0.000

Type  : Slow 1200mV 0C Model Hold 'hw6p3Modified:accelerometer|ADXL345_controller:U0|gsensor:U0|memory[3][0]'
Slack : -1.374
TNS   : -12.488

Type  : Slow 1200mV 0C Model Hold 'hw6p3Modified:accelerometer|ADXL345_controller:U0|gsensor:U0|memory[2][4]'
Slack : -0.316
TNS   : -0.316

Type  : Slow 1200mV 0C Model Hold 'pixel_clk_m'
Slack : 0.306
TNS   : 0.000

Type  : Slow 1200mV 0C Model Hold 'vga_controller:U2|disp_ena'
Slack : 0.307
TNS   : 0.000

Type  : Slow 1200mV 0C Model Hold 'U1|altpll_component|auto_generated|pll1|clk[0]'
Slack : 0.340
TNS   : 0.000

Type  : Slow 1200mV 0C Model Hold 'Current_State.reset_game'
Slack : 1.909
TNS   : 0.000

Type  : Slow 1200mV 0C Model Recovery 'hw6p3Modified:accelerometer|ADXL345_controller:U0|gsensor:U0|memory[3][0]'
Slack : -6.111
TNS   : -17.906

Type  : Slow 1200mV 0C Model Recovery 'hw6p3Modified:accelerometer|ADXL345_controller:U0|gsensor:U0|memory[2][4]'
Slack : -5.648
TNS   : -16.517

Type  : Slow 1200mV 0C Model Recovery 'vga_controller:U2|disp_ena'
Slack : -5.105
TNS   : -924.004

Type  : Slow 1200mV 0C Model Recovery 'pixel_clk_m'
Slack : 18.912
TNS   : 0.000

Type  : Slow 1200mV 0C Model Recovery 'U1|altpll_component|auto_generated|pll1|clk[0]'
Slack : 37.212
TNS   : 0.000

Type  : Slow 1200mV 0C Model Removal 'hw6p3Modified:accelerometer|ADXL345_controller:U0|gsensor:U0|memory[3][0]'
Slack : -0.726
TNS   : -2.148

Type  : Slow 1200mV 0C Model Removal 'hw6p3Modified:accelerometer|ADXL345_controller:U0|gsensor:U0|memory[2][4]'
Slack : -0.572
TNS   : -1.686

Type  : Slow 1200mV 0C Model Removal 'pixel_clk_m'
Slack : 0.428
TNS   : 0.000

Type  : Slow 1200mV 0C Model Removal 'vga_controller:U2|disp_ena'
Slack : 0.728
TNS   : 0.000

Type  : Slow 1200mV 0C Model Removal 'U1|altpll_component|auto_generated|pll1|clk[0]'
Slack : 1.280
TNS   : 0.000

Type  : Slow 1200mV 0C Model Minimum Pulse Width 'vga_controller:U2|disp_ena'
Slack : -1.403
TNS   : -578.036

Type  : Slow 1200mV 0C Model Minimum Pulse Width 'hw6p3Modified:accelerometer|ADXL345_controller:U0|gsensor:U0|memory[2][4]'
Slack : 0.283
TNS   : 0.000

Type  : Slow 1200mV 0C Model Minimum Pulse Width 'Current_State.reset_game'
Slack : 0.321
TNS   : 0.000

Type  : Slow 1200mV 0C Model Minimum Pulse Width 'hw6p3Modified:accelerometer|ADXL345_controller:U0|gsensor:U0|memory[3][0]'
Slack : 0.389
TNS   : 0.000

Type  : Slow 1200mV 0C Model Minimum Pulse Width 'pixel_clk_m'
Slack : 9.625
TNS   : 0.000

Type  : Slow 1200mV 0C Model Minimum Pulse Width 'U1|altpll_component|auto_generated|pll1|clk[0]'
Slack : 19.559
TNS   : 0.000

Type  : Fast 1200mV 0C Model Setup 'vga_controller:U2|disp_ena'
Slack : -91.357
TNS   : -9750.914

Type  : Fast 1200mV 0C Model Setup 'Current_State.reset_game'
Slack : -4.180
TNS   : -210.941

Type  : Fast 1200mV 0C Model Setup 'hw6p3Modified:accelerometer|ADXL345_controller:U0|gsensor:U0|memory[3][0]'
Slack : -3.179
TNS   : -52.160

Type  : Fast 1200mV 0C Model Setup 'hw6p3Modified:accelerometer|ADXL345_controller:U0|gsensor:U0|memory[2][4]'
Slack : -2.648
TNS   : -7.231

Type  : Fast 1200mV 0C Model Setup 'pixel_clk_m'
Slack : -2.414
TNS   : -4.424

Type  : Fast 1200mV 0C Model Setup 'U1|altpll_component|auto_generated|pll1|clk[0]'
Slack : 35.935
TNS   : 0.000

Type  : Fast 1200mV 0C Model Hold 'hw6p3Modified:accelerometer|ADXL345_controller:U0|gsensor:U0|memory[3][0]'
Slack : -1.035
TNS   : -11.831

Type  : Fast 1200mV 0C Model Hold 'hw6p3Modified:accelerometer|ADXL345_controller:U0|gsensor:U0|memory[2][4]'
Slack : -0.566
TNS   : -0.566

Type  : Fast 1200mV 0C Model Hold 'pixel_clk_m'
Slack : 0.148
TNS   : 0.000

Type  : Fast 1200mV 0C Model Hold 'vga_controller:U2|disp_ena'
Slack : 0.149
TNS   : 0.000

Type  : Fast 1200mV 0C Model Hold 'U1|altpll_component|auto_generated|pll1|clk[0]'
Slack : 0.210
TNS   : 0.000

Type  : Fast 1200mV 0C Model Hold 'Current_State.reset_game'
Slack : 0.492
TNS   : 0.000

Type  : Fast 1200mV 0C Model Recovery 'hw6p3Modified:accelerometer|ADXL345_controller:U0|gsensor:U0|memory[3][0]'
Slack : -2.674
TNS   : -7.815

Type  : Fast 1200mV 0C Model Recovery 'hw6p3Modified:accelerometer|ADXL345_controller:U0|gsensor:U0|memory[2][4]'
Slack : -2.190
TNS   : -6.363

Type  : Fast 1200mV 0C Model Recovery 'vga_controller:U2|disp_ena'
Slack : -2.130
TNS   : -350.935

Type  : Fast 1200mV 0C Model Recovery 'pixel_clk_m'
Slack : 19.388
TNS   : 0.000

Type  : Fast 1200mV 0C Model Recovery 'U1|altpll_component|auto_generated|pll1|clk[0]'
Slack : 38.452
TNS   : 0.000

Type  : Fast 1200mV 0C Model Removal 'hw6p3Modified:accelerometer|ADXL345_controller:U0|gsensor:U0|memory[3][0]'
Slack : -0.546
TNS   : -1.625

Type  : Fast 1200mV 0C Model Removal 'hw6p3Modified:accelerometer|ADXL345_controller:U0|gsensor:U0|memory[2][4]'
Slack : -0.321
TNS   : -0.949

Type  : Fast 1200mV 0C Model Removal 'pixel_clk_m'
Slack : 0.238
TNS   : 0.000

Type  : Fast 1200mV 0C Model Removal 'vga_controller:U2|disp_ena'
Slack : 0.324
TNS   : 0.000

Type  : Fast 1200mV 0C Model Removal 'U1|altpll_component|auto_generated|pll1|clk[0]'
Slack : 0.636
TNS   : 0.000

Type  : Fast 1200mV 0C Model Minimum Pulse Width 'vga_controller:U2|disp_ena'
Slack : -1.000
TNS   : -412.000

Type  : Fast 1200mV 0C Model Minimum Pulse Width 'hw6p3Modified:accelerometer|ADXL345_controller:U0|gsensor:U0|memory[3][0]'
Slack : 0.305
TNS   : 0.000

Type  : Fast 1200mV 0C Model Minimum Pulse Width 'hw6p3Modified:accelerometer|ADXL345_controller:U0|gsensor:U0|memory[2][4]'
Slack : 0.352
TNS   : 0.000

Type  : Fast 1200mV 0C Model Minimum Pulse Width 'Current_State.reset_game'
Slack : 0.386
TNS   : 0.000

Type  : Fast 1200mV 0C Model Minimum Pulse Width 'pixel_clk_m'
Slack : 9.366
TNS   : 0.000

Type  : Fast 1200mV 0C Model Minimum Pulse Width 'U1|altpll_component|auto_generated|pll1|clk[0]'
Slack : 19.648
TNS   : 0.000

------------------------------------------------------------
