------------------------------------------------------------
Timing Analyzer Summary
------------------------------------------------------------

Type  : Slow 1200mV 85C Model Setup 'vga_controller:U2|disp_ena'
Slack : -221.566
TNS   : -25604.490

Type  : Slow 1200mV 85C Model Setup 'Current_State.reset_game'
Slack : -9.898
TNS   : -607.292

Type  : Slow 1200mV 85C Model Setup 'hw6p3Modified:accelerometer|ADXL345_controller:U0|gsensor:U0|memory[3][0]'
Slack : -8.275
TNS   : -133.645

Type  : Slow 1200mV 85C Model Setup 'hw6p3Modified:accelerometer|ADXL345_controller:U0|gsensor:U0|memory[2][4]'
Slack : -7.017
TNS   : -19.789

Type  : Slow 1200mV 85C Model Setup 'pixel_clk_m'
Slack : -5.987
TNS   : -13.546

Type  : Slow 1200mV 85C Model Setup 'U1|altpll_component|auto_generated|pll1|clk[0]'
Slack : 29.909
TNS   : 0.000

Type  : Slow 1200mV 85C Model Hold 'hw6p3Modified:accelerometer|ADXL345_controller:U0|gsensor:U0|memory[3][0]'
Slack : -1.293
TNS   : -13.370

Type  : Slow 1200mV 85C Model Hold 'hw6p3Modified:accelerometer|ADXL345_controller:U0|gsensor:U0|memory[2][4]'
Slack : -0.363
TNS   : -0.363

Type  : Slow 1200mV 85C Model Hold 'pixel_clk_m'
Slack : 0.340
TNS   : 0.000

Type  : Slow 1200mV 85C Model Hold 'vga_controller:U2|disp_ena'
Slack : 0.341
TNS   : 0.000

Type  : Slow 1200mV 85C Model Hold 'U1|altpll_component|auto_generated|pll1|clk[0]'
Slack : 0.420
TNS   : 0.000

Type  : Slow 1200mV 85C Model Hold 'Current_State.reset_game'
Slack : 1.446
TNS   : 0.000

Type  : Slow 1200mV 85C Model Recovery 'hw6p3Modified:accelerometer|ADXL345_controller:U0|gsensor:U0|memory[2][4]'
Slack : -6.586
TNS   : -19.185

Type  : Slow 1200mV 85C Model Recovery 'hw6p3Modified:accelerometer|ADXL345_controller:U0|gsensor:U0|memory[3][0]'
Slack : -6.195
TNS   : -18.012

Type  : Slow 1200mV 85C Model Recovery 'vga_controller:U2|disp_ena'
Slack : -5.699
TNS   : -1006.665

Type  : Slow 1200mV 85C Model Recovery 'pixel_clk_m'
Slack : 19.075
TNS   : 0.000

Type  : Slow 1200mV 85C Model Recovery 'U1|altpll_component|auto_generated|pll1|clk[0]'
Slack : 36.542
TNS   : 0.000

Type  : Slow 1200mV 85C Model Removal 'hw6p3Modified:accelerometer|ADXL345_controller:U0|gsensor:U0|memory[3][0]'
Slack : -1.782
TNS   : -5.253

Type  : Slow 1200mV 85C Model Removal 'hw6p3Modified:accelerometer|ADXL345_controller:U0|gsensor:U0|memory[2][4]'
Slack : -0.821
TNS   : -2.352

Type  : Slow 1200mV 85C Model Removal 'pixel_clk_m'
Slack : 0.326
TNS   : 0.000

Type  : Slow 1200mV 85C Model Removal 'vga_controller:U2|disp_ena'
Slack : 0.702
TNS   : 0.000

Type  : Slow 1200mV 85C Model Removal 'U1|altpll_component|auto_generated|pll1|clk[0]'
Slack : 1.904
TNS   : 0.000

Type  : Slow 1200mV 85C Model Minimum Pulse Width 'vga_controller:U2|disp_ena'
Slack : -1.403
TNS   : -775.859

Type  : Slow 1200mV 85C Model Minimum Pulse Width 'hw6p3Modified:accelerometer|ADXL345_controller:U0|gsensor:U0|memory[3][0]'
Slack : 0.440
TNS   : 0.000

Type  : Slow 1200mV 85C Model Minimum Pulse Width 'Current_State.reset_game'
Slack : 0.451
TNS   : 0.000

Type  : Slow 1200mV 85C Model Minimum Pulse Width 'hw6p3Modified:accelerometer|ADXL345_controller:U0|gsensor:U0|memory[2][4]'
Slack : 0.453
TNS   : 0.000

Type  : Slow 1200mV 85C Model Minimum Pulse Width 'pixel_clk_m'
Slack : 9.594
TNS   : 0.000

Type  : Slow 1200mV 85C Model Minimum Pulse Width 'U1|altpll_component|auto_generated|pll1|clk[0]'
Slack : 19.586
TNS   : 0.000

Type  : Slow 1200mV 0C Model Setup 'vga_controller:U2|disp_ena'
Slack : -202.226
TNS   : -23361.027

Type  : Slow 1200mV 0C Model Setup 'Current_State.reset_game'
Slack : -9.512
TNS   : -559.090

Type  : Slow 1200mV 0C Model Setup 'hw6p3Modified:accelerometer|ADXL345_controller:U0|gsensor:U0|memory[3][0]'
Slack : -7.640
TNS   : -123.820

Type  : Slow 1200mV 0C Model Setup 'hw6p3Modified:accelerometer|ADXL345_controller:U0|gsensor:U0|memory[2][4]'
Slack : -6.620
TNS   : -18.545

Type  : Slow 1200mV 0C Model Setup 'pixel_clk_m'
Slack : -5.392
TNS   : -12.114

Type  : Slow 1200mV 0C Model Setup 'U1|altpll_component|auto_generated|pll1|clk[0]'
Slack : 30.671
TNS   : 0.000

Type  : Slow 1200mV 0C Model Hold 'hw6p3Modified:accelerometer|ADXL345_controller:U0|gsensor:U0|memory[3][0]'
Slack : -1.218
TNS   : -12.753

Type  : Slow 1200mV 0C Model Hold 'hw6p3Modified:accelerometer|ADXL345_controller:U0|gsensor:U0|memory[2][4]'
Slack : -0.150
TNS   : -0.150

Type  : Slow 1200mV 0C Model Hold 'vga_controller:U2|disp_ena'
Slack : 0.305
TNS   : 0.000

Type  : Slow 1200mV 0C Model Hold 'pixel_clk_m'
Slack : 0.306
TNS   : 0.000

Type  : Slow 1200mV 0C Model Hold 'U1|altpll_component|auto_generated|pll1|clk[0]'
Slack : 0.340
TNS   : 0.000

Type  : Slow 1200mV 0C Model Hold 'Current_State.reset_game'
Slack : 1.399
TNS   : 0.000

Type  : Slow 1200mV 0C Model Recovery 'hw6p3Modified:accelerometer|ADXL345_controller:U0|gsensor:U0|memory[2][4]'
Slack : -6.035
TNS   : -17.560

Type  : Slow 1200mV 0C Model Recovery 'hw6p3Modified:accelerometer|ADXL345_controller:U0|gsensor:U0|memory[3][0]'
Slack : -5.698
TNS   : -16.549

Type  : Slow 1200mV 0C Model Recovery 'vga_controller:U2|disp_ena'
Slack : -5.048
TNS   : -869.561

Type  : Slow 1200mV 0C Model Recovery 'pixel_clk_m'
Slack : 19.141
TNS   : 0.000

Type  : Slow 1200mV 0C Model Recovery 'U1|altpll_component|auto_generated|pll1|clk[0]'
Slack : 36.736
TNS   : 0.000

Type  : Slow 1200mV 0C Model Removal 'hw6p3Modified:accelerometer|ADXL345_controller:U0|gsensor:U0|memory[3][0]'
Slack : -1.562
TNS   : -4.583

Type  : Slow 1200mV 0C Model Removal 'hw6p3Modified:accelerometer|ADXL345_controller:U0|gsensor:U0|memory[2][4]'
Slack : -0.755
TNS   : -2.162

Type  : Slow 1200mV 0C Model Removal 'pixel_clk_m'
Slack : 0.274
TNS   : 0.000

Type  : Slow 1200mV 0C Model Removal 'vga_controller:U2|disp_ena'
Slack : 0.595
TNS   : 0.000

Type  : Slow 1200mV 0C Model Removal 'U1|altpll_component|auto_generated|pll1|clk[0]'
Slack : 1.720
TNS   : 0.000

Type  : Slow 1200mV 0C Model Minimum Pulse Width 'vga_controller:U2|disp_ena'
Slack : -1.403
TNS   : -775.859

Type  : Slow 1200mV 0C Model Minimum Pulse Width 'hw6p3Modified:accelerometer|ADXL345_controller:U0|gsensor:U0|memory[2][4]'
Slack : 0.339
TNS   : 0.000

Type  : Slow 1200mV 0C Model Minimum Pulse Width 'hw6p3Modified:accelerometer|ADXL345_controller:U0|gsensor:U0|memory[3][0]'
Slack : 0.374
TNS   : 0.000

Type  : Slow 1200mV 0C Model Minimum Pulse Width 'Current_State.reset_game'
Slack : 0.409
TNS   : 0.000

Type  : Slow 1200mV 0C Model Minimum Pulse Width 'pixel_clk_m'
Slack : 9.567
TNS   : 0.000

Type  : Slow 1200mV 0C Model Minimum Pulse Width 'U1|altpll_component|auto_generated|pll1|clk[0]'
Slack : 19.562
TNS   : 0.000

Type  : Fast 1200mV 0C Model Setup 'vga_controller:U2|disp_ena'
Slack : -91.511
TNS   : -10490.754

Type  : Fast 1200mV 0C Model Setup 'Current_State.reset_game'
Slack : -4.470
TNS   : -229.289

Type  : Fast 1200mV 0C Model Setup 'hw6p3Modified:accelerometer|ADXL345_controller:U0|gsensor:U0|memory[3][0]'
Slack : -3.145
TNS   : -51.515

Type  : Fast 1200mV 0C Model Setup 'hw6p3Modified:accelerometer|ADXL345_controller:U0|gsensor:U0|memory[2][4]'
Slack : -2.654
TNS   : -7.138

Type  : Fast 1200mV 0C Model Setup 'pixel_clk_m'
Slack : -2.077
TNS   : -4.362

Type  : Fast 1200mV 0C Model Setup 'U1|altpll_component|auto_generated|pll1|clk[0]'
Slack : 35.518
TNS   : 0.000

Type  : Fast 1200mV 0C Model Hold 'hw6p3Modified:accelerometer|ADXL345_controller:U0|gsensor:U0|memory[3][0]'
Slack : -0.818
TNS   : -10.070

Type  : Fast 1200mV 0C Model Hold 'hw6p3Modified:accelerometer|ADXL345_controller:U0|gsensor:U0|memory[2][4]'
Slack : -0.449
TNS   : -0.449

Type  : Fast 1200mV 0C Model Hold 'pixel_clk_m'
Slack : 0.044
TNS   : 0.000

Type  : Fast 1200mV 0C Model Hold 'vga_controller:U2|disp_ena'
Slack : 0.147
TNS   : 0.000

Type  : Fast 1200mV 0C Model Hold 'U1|altpll_component|auto_generated|pll1|clk[0]'
Slack : 0.210
TNS   : 0.000

Type  : Fast 1200mV 0C Model Hold 'Current_State.reset_game'
Slack : 0.488
TNS   : 0.000

Type  : Fast 1200mV 0C Model Recovery 'hw6p3Modified:accelerometer|ADXL345_controller:U0|gsensor:U0|memory[3][0]'
Slack : -2.396
TNS   : -6.935

Type  : Fast 1200mV 0C Model Recovery 'vga_controller:U2|disp_ena'
Slack : -2.348
TNS   : -357.816

Type  : Fast 1200mV 0C Model Recovery 'hw6p3Modified:accelerometer|ADXL345_controller:U0|gsensor:U0|memory[2][4]'
Slack : -2.236
TNS   : -6.455

Type  : Fast 1200mV 0C Model Recovery 'pixel_clk_m'
Slack : 19.482
TNS   : 0.000

Type  : Fast 1200mV 0C Model Recovery 'U1|altpll_component|auto_generated|pll1|clk[0]'
Slack : 38.225
TNS   : 0.000

Type  : Fast 1200mV 0C Model Removal 'hw6p3Modified:accelerometer|ADXL345_controller:U0|gsensor:U0|memory[3][0]'
Slack : -1.099
TNS   : -3.244

Type  : Fast 1200mV 0C Model Removal 'hw6p3Modified:accelerometer|ADXL345_controller:U0|gsensor:U0|memory[2][4]'
Slack : -0.486
TNS   : -1.401

Type  : Fast 1200mV 0C Model Removal 'pixel_clk_m'
Slack : 0.139
TNS   : 0.000

Type  : Fast 1200mV 0C Model Removal 'vga_controller:U2|disp_ena'
Slack : 0.209
TNS   : 0.000

Type  : Fast 1200mV 0C Model Removal 'U1|altpll_component|auto_generated|pll1|clk[0]'
Slack : 0.854
TNS   : 0.000

Type  : Fast 1200mV 0C Model Minimum Pulse Width 'vga_controller:U2|disp_ena'
Slack : -1.000
TNS   : -553.000

Type  : Fast 1200mV 0C Model Minimum Pulse Width 'hw6p3Modified:accelerometer|ADXL345_controller:U0|gsensor:U0|memory[2][4]'
Slack : 0.343
TNS   : 0.000

Type  : Fast 1200mV 0C Model Minimum Pulse Width 'hw6p3Modified:accelerometer|ADXL345_controller:U0|gsensor:U0|memory[3][0]'
Slack : 0.355
TNS   : 0.000

Type  : Fast 1200mV 0C Model Minimum Pulse Width 'Current_State.reset_game'
Slack : 0.398
TNS   : 0.000

Type  : Fast 1200mV 0C Model Minimum Pulse Width 'pixel_clk_m'
Slack : 9.429
TNS   : 0.000

Type  : Fast 1200mV 0C Model Minimum Pulse Width 'U1|altpll_component|auto_generated|pll1|clk[0]'
Slack : 19.630
TNS   : 0.000

------------------------------------------------------------
